**********************
Windows PowerShell transcript start
Start time: 20251216085610
Username: CLARKANDADDISON\mostg
RunAs User: CLARKANDADDISON\mostg
Configuration Name: 
Machine: CLARKANDADDISON (Microsoft Windows NT 10.0.26200.0)
Host Application: C:\Windows\System32\WindowsPowerShell\v1.0\powershell.exe -NoProfile -ExecutionPolicy Bypass -Command Import-Module 'c:\Users\mostg\.vscode\extensions\ms-vscode.powershell-2025.4.0\modules\PowerShellEditorServices\PowerShellEditorServices.psd1'; Start-EditorServices -HostName 'Visual Studio Code Host' -HostProfileId 'Microsoft.VSCode' -HostVersion '2025.4.0' -BundledModulesPath 'c:\Users\mostg\.vscode\extensions\ms-vscode.powershell-2025.4.0\modules' -EnableConsoleRepl -StartupBanner "PowerShell Extension v2025.4.0
Copyright (c) Microsoft Corporation.

https://aka.ms/vscode-powershell
Type 'help' to get help.
" -LogLevel 'Warning' -LogPath 'c:\Users\mostg\AppData\Roaming\Code\logs\20251215T093449\window6\exthost\ms-vscode.powershell' -SessionDetailsPath 'c:\Users\mostg\AppData\Roaming\Code\User\globalStorage\ms-vscode.powershell\sessions\PSES-VSCode-15552-678366.json' -FeatureFlags @() 
Process ID: 24488
PSVersion: 5.1.26100.7462
PSEdition: Desktop
PSCompatibleVersions: 1.0, 2.0, 3.0, 4.0, 5.0, 5.1.26100.7462
BuildVersion: 10.0.26100.7462
CLRVersion: 4.0.30319.42000
WSManStackVersion: 3.0
PSRemotingProtocolVersion: 2.3
SerializationVersion: 1.1.0.1
**********************
[quantile-gating] day=Tuesday targetDay=Sunday ageDays=11.77 runHeavy=True

==== 0) ESPN schedule refresh + TBD patch + parity ====\n
[schedule_refresh] Using date: 2025-12-16





[schedule_refresh] Parity OK:  Placeholders:  Missing:  LocalExtra:
[schedule_refresh] Done.

==== 0.pre) Fetch today's slate + normalize display times ====\n



==== 0.pre.b) Canonical start times ====\n
{'path': 'outputs\\canonical_start_times_2025-12-16.csv', 'rows': 45, 'nonnull__start_dt': 45}

==== 1) Fetch previous day's games (2025-12-15) ====\n


==== 2) Fetch odds snapshots for 2025-12-15 and build last/closing lines ====\n








==== 3) Build daily results (reconcile vs finals) for 2025-12-15 ====\n


==== 3a) Fetch previous day raw scores (no cache) and boxscores ====\n



==== 3b) Finalize previous day (refresh + fallback + overrides) ====\n


==== 4) Update model tuning from recent daily results ====\n


==== 5) Retrain baseline models on latest features_all.csv ====\n





==== 5b) Generate/refresh team-level historical features (pre-inference) ====\n


==== 5c) Generate today's placeholder features (features_curr.csv) ====\n


==== 5d) Run model inference harness (forced refresh) ====\n


==== 5e) Calibrate model predictions (forced refresh) ====\n


==== 5f) Generate prediction intervals (forced refresh) ====\n



==== 6i) Rolling backtest (28 days) ====\n


==== 6i.a) Normalize odds and enrich backtest (rest/travel/market) ====\n





==== 6j) Quantile selection (28d window, 80% coverage) ====\n


==== 6j.ii) Daily quantile retrain + scoring ====\n
Starting daily quantile + scoring refresh...
Training residual quantiles (window=45 days)...

Evaluating scoring for 2025-12-16...

Done. Wrote 'outputs/quantile_model.json' and 'outputs/scoring_2025-12-16.json'.
Inference variance summary -> C:\Users\mostg\OneDrive\Coding\NCAAB\outputs\variance\inference_variance_2025-12-16.json

==== 6) Fetch today's schedule, odds, and run predictions/picks ====\n


==== 6a.pre) Ensure full game & prediction coverage (force-fill) ====\n



==== 6a.post) Normalize start fields and persist _start_dt ====\n


==== 6a.post.i) Persist display snapshot for today if missing ====\n
Display snapshot already present -> C:\Users\mostg\OneDrive\Coding\NCAAB\outputs\predictions_display_2025-12-16.csv


==== 6a.post.ii) Safeguard: remove No Market (Unposted) games ====\n


==== 6a.post.b) Enrich meta probabilities (aligned) ====\n


==== 6a.post.c) Inject sigma and adjusted Kelly ====\n


==== 6b) Refresh team-level historical features post-ingestion ====\n


==== 6b.i) Run model integrity tests ====\n


==== 6c) Train/refresh model-first total & margin predictors (LightGBM/XGBoost) ====\n



==== 6d) Prediction variance diagnostics ====\n
Wrote variance diagnostics -> C:\Users\mostg\OneDrive\Coding\NCAAB\outputs\variance\variance_total_2025-12-16.json, C:\Users\mostg\OneDrive\Coding\NCAAB\outputs\variance\variance_margin_2025-12-16.json

==== 6e) Train meta probability models (cover/over) ====\n




==== 6f) Probability distribution stability (JS divergence) ====\n


==== 6g) Auto-refresh probability calibration (ECE/drift/age) ====\n


==== 6g.i) Meta probability reliability + calibration ====\n



==== 6h) Explain meta models (feature contributions) ====\n


==== 6a) Restore full games_with_last.csv (historical) after daily-run ====\n


==== 7) Filter merged last odds to today's slate ====\n


==== 7b) Align predictions to period and compute edges ====\n


==== 8) Generate baseline stake sheet (edge-based Kelly) ====\n


==== 9) Generate calibrated distributional stake sheet (if distributional columns present) ====\n


==== 9a) Annotate stake sheets with quantiles (q10/q50/q90) ====\n


==== 10) Compare baseline vs calibrated stake sheets ====\n


==== 11) Commit and push updated data files ====\n



==== 10b) ROI backtest (28 days) ====\n



















































==== DONE ====\n
Completed in 01:42:57.4162815
Wrote status summary -> C:\Users\mostg\OneDrive\Coding\NCAAB\outputs\logs\daily_update_status_2025-12-16.json
**********************
Windows PowerShell transcript end
End time: 20251216103908
**********************
