**********************
Windows PowerShell transcript start
Start time: 20251202103457
Username: CLARKANDADDISON\mostg
RunAs User: CLARKANDADDISON\mostg
Configuration Name: 
Machine: CLARKANDADDISON (Microsoft Windows NT 10.0.26200.0)
Host Application: C:\Windows\System32\WindowsPowerShell\v1.0\powershell.exe -noexit -command try { . "c:\Users\mostg\AppData\Local\Programs\Microsoft VS Code\resources\app\out\vs\workbench\contrib\terminal\common\scripts\shellIntegration.ps1" } catch {}
Process ID: 23300
PSVersion: 5.1.26100.7019
PSEdition: Desktop
PSCompatibleVersions: 1.0, 2.0, 3.0, 4.0, 5.0, 5.1.26100.7019
BuildVersion: 10.0.26100.7019
CLRVersion: 4.0.30319.42000
WSManStackVersion: 3.0
PSRemotingProtocolVersion: 2.3
SerializationVersion: 1.1.0.1
**********************
[quantile-gating] day=Tuesday targetDay=Sunday ageDays=0.5 runHeavy=False

==== 0) ESPN schedule refresh + TBD patch + parity ====\n
[schedule_refresh] Using date: 2025-12-02





[schedule_refresh] Parity OK:  Placeholders:  Missing:  LocalExtra:
[schedule_refresh] Done.

==== 1) Fetch previous day's games (2025-12-01) ====\n


==== 2) Fetch odds snapshots for 2025-12-01 and build last/closing lines ====\n








==== 3) Build daily results (reconcile vs finals) for 2025-12-01 ====\n


==== 3a) Fetch previous day raw scores (no cache) and boxscores ====\n



==== 3b) Finalize previous day (refresh + fallback + overrides) ====\n


==== 4) Update model tuning from recent daily results ====\n


==== 5) Retrain baseline models on latest features_all.csv ====\n

[skip] Heavy quantile CV + base quantile retrain (weekly gating)

==== 5b) Generate/refresh team-level historical features (pre-inference) ====\n


==== 5c) Generate today's placeholder features (features_curr.csv) ====\n


==== 5d) Run model inference harness (forced refresh) ====\n


==== 5e) Calibrate model predictions (forced refresh) ====\n


==== 5f) Generate prediction intervals (forced refresh) ====\n



==== 6i) Rolling backtest (28 days) ====\n


==== 6i.a) Normalize odds and enrich backtest (rest/travel/market) ====\n


[skip] Segment LGBM quantile retrain (weekly gating)

==== 6j) Quantile selection (28d window, 80% coverage) ====\n
