**********************
Windows PowerShell transcript start
Start time: 20251107150516
Username: CLARKANDADDISON\mostg
RunAs User: CLARKANDADDISON\mostg
Configuration Name: 
Machine: CLARKANDADDISON (Microsoft Windows NT 10.0.26200.0)
Host Application: C:\Windows\System32\WindowsPowerShell\v1.0\powershell.exe -NoProfile -ExecutionPolicy Bypass -Command Import-Module 'c:\Users\mostg\.vscode\extensions\ms-vscode.powershell-2025.4.0\modules\PowerShellEditorServices\PowerShellEditorServices.psd1'; Start-EditorServices -HostName 'Visual Studio Code Host' -HostProfileId 'Microsoft.VSCode' -HostVersion '2025.4.0' -BundledModulesPath 'c:\Users\mostg\.vscode\extensions\ms-vscode.powershell-2025.4.0\modules' -EnableConsoleRepl -StartupBanner "PowerShell Extension v2025.4.0
Copyright (c) Microsoft Corporation.

https://aka.ms/vscode-powershell
Type 'help' to get help.
" -LogLevel 'Warning' -LogPath 'c:\Users\mostg\AppData\Roaming\Code\logs\20251101T082910\window7\exthost\ms-vscode.powershell' -SessionDetailsPath 'c:\Users\mostg\AppData\Roaming\Code\User\globalStorage\ms-vscode.powershell\sessions\PSES-VSCode-16708-260193.json' -FeatureFlags @() 
Process ID: 8916
PSVersion: 5.1.26100.6899
PSEdition: Desktop
PSCompatibleVersions: 1.0, 2.0, 3.0, 4.0, 5.0, 5.1.26100.6899
BuildVersion: 10.0.26100.6899
CLRVersion: 4.0.30319.42000
WSManStackVersion: 3.0
PSRemotingProtocolVersion: 2.3
SerializationVersion: 1.1.0.1
**********************

==== 1) Fetch previous day's games (2025-11-06) ====\n


==== 2) Fetch odds snapshots for 2025-11-06 and build closing lines ====\n




==== 3) Build daily results (reconcile vs finals) for 2025-11-06 ====\n


==== 4) Update model tuning from recent daily results ====\n


==== 5) Retrain baseline models on latest features_all.csv ====\n


==== 6) Fetch today's schedule, odds, and run predictions/picks ====\n


==== DONE ====\n
Completed in 00:00:12.1916223
**********************
Windows PowerShell transcript end
End time: 20251107150528
**********************
