**********************
Windows PowerShell transcript start
Start time: 20251127102237
Username: CLARKANDADDISON\mostg
RunAs User: CLARKANDADDISON\mostg
Configuration Name: 
Machine: CLARKANDADDISON (Microsoft Windows NT 10.0.26200.0)
Host Application: C:\Windows\System32\WindowsPowerShell\v1.0\powershell.exe -ExecutionPolicy Bypass -File scripts/daily_update.ps1 -Today 2025-11-27 -SkipFinalizePrev -SkipStakeSheets -SkipGitPush -SkipRetrain
Process ID: 24764
PSVersion: 5.1.26100.7019
PSEdition: Desktop
PSCompatibleVersions: 1.0, 2.0, 3.0, 4.0, 5.0, 5.1.26100.7019
BuildVersion: 10.0.26100.7019
CLRVersion: 4.0.30319.42000
WSManStackVersion: 3.0
PSRemotingProtocolVersion: 2.3
SerializationVersion: 1.1.0.1
**********************

==== 1) Fetch previous day's games (2025-11-26) ====\n


==== 2) Fetch odds snapshots for 2025-11-26 and build last/closing lines ====\n








==== 3) Build daily results (reconcile vs finals) for 2025-11-26 ====\n

SkipFinalizePrev flag set; skipping finalize-day for 2025-11-26.

==== 4) Update model tuning from recent daily results ====\n

SkipRetrain flag set; using existing models.

==== 5b) Generate/refresh team-level historical features (pre-inference) ====\n

features_curr.csv already exists; skipping generation.

==== 5d) Run model inference harness (forced refresh) ====\n


==== 5e) Calibrate model predictions (forced refresh) ====\n


==== 5f) Generate prediction intervals (forced refresh) ====\n

Inference variance summary -> C:\Users\mostg\OneDrive\Coding\NCAAB\outputs\variance\inference_variance_2025-11-27.json

==== 6) Fetch today's schedule, odds, and run predictions/picks ====\n


==== 6a.pre) Ensure full game & prediction coverage (force-fill) ====\n



==== 6b) Refresh team-level historical features post-ingestion ====\n


==== 6b.i) Run model integrity tests ====\n

Model-first artifacts considered fresh post-ingestion; skipping retrain.

==== 6d) Prediction variance diagnostics ====\n
Wrote variance diagnostics -> C:\Users\mostg\OneDrive\Coding\NCAAB\outputs\variance\variance_total_2025-11-27.json, C:\Users\mostg\OneDrive\Coding\NCAAB\outputs\variance\variance_margin_2025-11-27.json

==== 6a) Restore full games_with_last.csv (historical) after daily-run ====\n

SkipStakeSheets flag set; skipping stake sheet generation.

==== DONE ====\n
Completed in 00:01:06.0234011
**********************
Windows PowerShell transcript end
End time: 20251127102343
**********************
