**********************
Windows PowerShell transcript start
Start time: 20251127100703
Username: CLARKANDADDISON\mostg
RunAs User: CLARKANDADDISON\mostg
Configuration Name: 
Machine: CLARKANDADDISON (Microsoft Windows NT 10.0.26200.0)
Host Application: C:\Windows\System32\WindowsPowerShell\v1.0\powershell.exe -NoProfile -ExecutionPolicy Bypass -Command Import-Module 'c:\Users\mostg\.vscode\extensions\ms-vscode.powershell-2025.4.0\modules\PowerShellEditorServices\PowerShellEditorServices.psd1'; Start-EditorServices -HostName 'Visual Studio Code Host' -HostProfileId 'Microsoft.VSCode' -HostVersion '2025.4.0' -BundledModulesPath 'c:\Users\mostg\.vscode\extensions\ms-vscode.powershell-2025.4.0\modules' -EnableConsoleRepl -StartupBanner "PowerShell Extension v2025.4.0
Copyright (c) Microsoft Corporation.

https://aka.ms/vscode-powershell
Type 'help' to get help.
" -LogLevel 'Warning' -LogPath 'c:\Users\mostg\AppData\Roaming\Code\logs\20251126T123838\window1\exthost\ms-vscode.powershell' -SessionDetailsPath 'c:\Users\mostg\AppData\Roaming\Code\User\globalStorage\ms-vscode.powershell\sessions\PSES-VSCode-45548-120750.json' -FeatureFlags @() 
Process ID: 22756
PSVersion: 5.1.26100.7019
PSEdition: Desktop
PSCompatibleVersions: 1.0, 2.0, 3.0, 4.0, 5.0, 5.1.26100.7019
BuildVersion: 10.0.26100.7019
CLRVersion: 4.0.30319.42000
WSManStackVersion: 3.0
PSRemotingProtocolVersion: 2.3
SerializationVersion: 1.1.0.1
**********************

==== 1) Fetch previous day's games (2025-11-26) ====\n


==== 2) Fetch odds snapshots for 2025-11-26 and build last/closing lines ====\n








==== 3) Build daily results (reconcile vs finals) for 2025-11-26 ====\n


==== 3a) Fetch previous day raw scores (no cache) and boxscores ====\n



==== 3b) Finalize previous day (refresh + fallback + overrides) ====\n


==== 4) Update model tuning from recent daily results ====\n


==== 5) Retrain baseline models on latest features_all.csv ====\n


==== 5b) Generate/refresh team-level historical features (pre-inference) ====\n

features_curr.csv already exists; skipping generation.

==== 5d) Run model inference harness (forced refresh) ====\n


==== 5e) Calibrate model predictions (forced refresh) ====\n


==== 5f) Generate prediction intervals (forced refresh) ====\n

PS>TerminatingError(Get-Content): "The running command stopped because the preference variable "ErrorActionPreference" or common parameter is set to Stop: Cannot find path 'C:\Users\mostg\OneDrive\Coding\NCAAB\outputs\predictions_model_2025-11-27.csv' because it does not exist."
WARNING: inference variance summary failed: Cannot find path 'C:\Users\mostg\OneDrive\Coding\NCAAB\outputs\predictions_model_2025-11-27.csv' because it does not exist.

==== 6) Fetch today's schedule, odds, and run predictions/picks ====\n


==== 6b) Refresh team-level historical features post-ingestion ====\n


==== 6b.i) Run model integrity tests ====\n


==== 6c) Train/refresh model-first total & margin predictors (LightGBM/XGBoost) ====\n



==== 6d) Prediction variance diagnostics ====\n
Wrote variance diagnostics -> C:\Users\mostg\OneDrive\Coding\NCAAB\outputs\variance\variance_total_2025-11-27.json, C:\Users\mostg\OneDrive\Coding\NCAAB\outputs\variance\variance_margin_2025-11-27.json

==== 6a) Restore full games_with_last.csv (historical) after daily-run ====\n


==== 7) Filter merged last odds to today's slate ====\n


==== 7b) Align predictions to period and compute edges ====\n


==== 8) Generate baseline stake sheet (edge-based Kelly) ====\n


==== 9) Generate calibrated distributional stake sheet (if distributional columns present) ====\n


==== 10) Compare baseline vs calibrated stake sheets ====\n


==== 11) Commit and push updated data files ====\n



















==== DONE ====\n
Completed in 00:01:46.6100409
**********************
Windows PowerShell transcript end
End time: 20251127100850
**********************
