**********************
Windows PowerShell transcript start
Start time: 20251220142746
Username: CLARKANDADDISON\mostg
RunAs User: CLARKANDADDISON\mostg
Configuration Name: 
Machine: CLARKANDADDISON (Microsoft Windows NT 10.0.26200.0)
Host Application: C:\Windows\System32\WindowsPowerShell\v1.0\powershell.exe -ExecutionPolicy Bypass -File scripts/daily_update.ps1 -SkipFinalizePrev -SkipRetrain -SkipHeavyQuantiles -SkipModelTests -SkipVarianceDiag -SkipStakeSheets -UploadToRender -TriggerRenderRedeploy
Process ID: 7668
PSVersion: 5.1.26100.7462
PSEdition: Desktop
PSCompatibleVersions: 1.0, 2.0, 3.0, 4.0, 5.0, 5.1.26100.7462
BuildVersion: 10.0.26100.7462
CLRVersion: 4.0.30319.42000
WSManStackVersion: 3.0
PSRemotingProtocolVersion: 2.3
SerializationVersion: 1.1.0.1
**********************
[quantile-gating] day=Saturday targetDay=Sunday ageDays=16 runHeavy=False

==== 0) ESPN schedule refresh + TBD patch + parity ====\n
[schedule_refresh] Using date: 2025-12-20
Wrote ESPN scoreboard cache: data\cache\espn\2025-12-20.json
No changes applied (no cache/team map/placeholder rows)
Wrote C:\Users\mostg\OneDrive\Coding\NCAAB\outputs\schedule_espn_subset_2025-12-20.json with 75 ids
Wrote C:\Users\mostg\OneDrive\Coding\NCAAB\outputs\schedule_alignment_probe_2025-12-20.json parity_
ok=True placeholders=0 missing=0

[schedule_refresh] Parity OK: True Placeholders:  Missing:  LocalExtra:
[schedule_refresh] Done.

==== 0.pre) Fetch today's slate + normalize display times ====\n



==== 0.pre.b) Canonical start times ====\n
{'path': 'outputs\\canonical_start_times_2025-12-20.csv', 'rows': 75, 'nonnull__start_dt': 75}

==== 1) Fetch previous day's games (2025-12-19) ====\n


==== 2) Fetch odds snapshots for 2025-12-19 and build last/closing lines ====\n








==== 3) Build daily results (reconcile vs finals) for 2025-12-19 ====\n


==== 3c) Evaluate previous-day accuracy vs odds ====\n
[metrics] Wrote C:\Users\mostg\OneDrive\Coding\NCAAB\outputs\metrics\accuracy_vs_odds_2025-12-19.json
SkipFinalizePrev flag set; skipping finalize-day for 2025-12-19.

==== 4) Update model tuning from recent daily results ====\n

SkipRetrain flag set; using existing models.
[skip] Heavy quantile CV + base quantile retrain (weekly gating)

==== 5b) Generate/refresh team-level historical features (pre-inference) ====\n

features_curr.csv contains rows for 2025-12-20; skipping generation.
Removing stale artifact -> C:\Users\mostg\OneDrive\Coding\NCAAB\outputs\predictions_model_interval_2025-12-20.csv
Removing stale artifact -> C:\Users\mostg\OneDrive\Coding\NCAAB\outputs\predictions_model_calibrated_2025-12-20.csv
Removing stale artifact -> C:\Users\mostg\OneDrive\Coding\NCAAB\outputs\predictions_model_2025-12-20.csv

==== 5d) Run model inference harness (forced refresh) ====\n


==== 5e) Calibrate model predictions (forced refresh) ====\n


==== 5f) Generate prediction intervals (forced refresh) ====\n



==== 6i) Rolling backtest (28 days) ====\n


==== 6i.a) Normalize odds and enrich backtest (rest/travel/market) ====\n


[skip] Segment LGBM quantile retrain (weekly gating)

==== 6j) Quantile selection (28d window, 80% coverage) ====\n


==== 6j.ii) Daily quantile retrain + scoring ====\n
Starting daily quantile + scoring refresh...
Training residual quantiles (window=45 days)...

Evaluating scoring for 2025-12-20...

Done. Wrote 'outputs/quantile_model.json' and 'outputs/scoring_2025-12-20.json'.
Inference variance summary -> C:\Users\mostg\OneDrive\Coding\NCAAB\outputs\variance\inference_variance_2025-12-20.json

==== 6) Fetch today's schedule, odds, and run predictions/picks ====\n


==== 6a.pre) Ensure full game & prediction coverage (force-fill) ====\n



==== 6a.post) Normalize start fields and persist _start_dt ====\n
{'date': '2025-12-20', 'out': 'outputs/predictions_unified_enriched_2025-12-20.csv', 'normalized_rows': 75, 'nan__start_dt': 0}

==== 6a.post.i) Persist display snapshot for today if missing ====\n
Display snapshot already present -> C:\Users\mostg\OneDrive\Coding\NCAAB\outputs\predictions_display_2025-12-20.csv


==== 6a.post.ii) Safeguard: remove No Market (Unposted) games ====\n


==== 6a.post.b) Enrich meta probabilities (aligned) ====\n


==== 6a.post.c) Inject sigma and adjusted Kelly ====\n


==== 6a.post.d) Market-aware blend + guardrails ====\n


==== 6a.post.e) Feature parity checks (meta probs) ====\n
[metrics] Wrote C:\Users\mostg\OneDrive\Coding\NCAAB\outputs\metrics\feature_parity_2025-12-20.txt

==== 6a.post.f) Tune OU/ATS thresholds vs odds ====\n


==== 6a.post.f.i) Tune OU selection policy (>=75% acc) ====\n


==== 6a.post.f.ii) Evaluate OU policy (coverage + accuracy) ====\n


==== 6a.post.f.iii) Tune ATS selection policy (>=75% acc) ====\n

PS>TerminatingError(): "The pipeline has been stopped."
**********************
Windows PowerShell transcript end
End time: 20251220142917
**********************
