**********************
Windows PowerShell transcript start
Start time: 20251120115623
Username: CLARKANDADDISON\mostg
RunAs User: CLARKANDADDISON\mostg
Configuration Name: 
Machine: CLARKANDADDISON (Microsoft Windows NT 10.0.26200.0)
Host Application: C:\Windows\System32\WindowsPowerShell\v1.0\powershell.exe -NoProfile -ExecutionPolicy Bypass -File C:/Users/mostg/OneDrive/Coding/NCAAB/scripts/daily_update.ps1
Process ID: 28612
PSVersion: 5.1.26100.7019
PSEdition: Desktop
PSCompatibleVersions: 1.0, 2.0, 3.0, 4.0, 5.0, 5.1.26100.7019
BuildVersion: 10.0.26100.7019
CLRVersion: 4.0.30319.42000
WSManStackVersion: 3.0
PSRemotingProtocolVersion: 2.3
SerializationVersion: 1.1.0.1
**********************

==== 1) Fetch previous day's games (2025-11-19) ====\n


==== 2) Fetch odds snapshots for 2025-11-19 and build last/closing lines ====\n








==== 3) Build daily results (reconcile vs finals) for 2025-11-19 ====\n


==== 3a) Fetch previous day raw scores (no cache) and boxscores ====\n



==== 3b) Finalize previous day (refresh + fallback + overrides) ====\n


==== 4) Update model tuning from recent daily results ====\n


==== 5) Retrain baseline models on latest features_all.csv ====\n


==== 5b) Generate/refresh team-level historical features (pre-inference) ====\n

features_curr.csv already exists; skipping generation.
Removing stale artifact -> C:\Users\mostg\OneDrive\Coding\NCAAB\outputs\predictions_model_interval_2025-11-20.csv
Removing stale artifact -> C:\Users\mostg\OneDrive\Coding\NCAAB\outputs\predictions_model_calibrated_2025-11-20.csv
Removing stale artifact -> C:\Users\mostg\OneDrive\Coding\NCAAB\outputs\predictions_model_2025-11-20.csv

==== 5d) Run model inference harness (forced refresh) ====\n


==== 5e) Calibrate model predictions (forced refresh) ====\n


==== 5f) Generate prediction intervals (forced refresh) ====\n

Inference variance summary -> C:\Users\mostg\OneDrive\Coding\NCAAB\outputs\variance\inference_variance_2025-11-20.json

==== 6) Fetch today's schedule, odds, and run predictions/picks ====\n


==== 6b) Refresh team-level historical features post-ingestion ====\n


==== 6b.i) Run model integrity tests ====\n


==== 6c) Train/refresh model-first total & margin predictors (LightGBM/XGBoost) ====\n



==== 6d) Prediction variance diagnostics ====\n
Wrote variance diagnostics -> C:\Users\mostg\OneDrive\Coding\NCAAB\outputs\variance\variance_total_2025-11-20.json, C:\Users\mostg\OneDrive\Coding\NCAAB\outputs\variance\variance_margin_2025-11-20.json

==== 6a) Restore full games_with_last.csv (historical) after daily-run ====\n


==== 7) Filter merged last odds to today's slate ====\n


==== 7b) Align predictions to period and compute edges ====\n


==== 8) Generate baseline stake sheet (edge-based Kelly) ====\n


==== 9) Generate calibrated distributional stake sheet (if distributional columns present) ====\n


==== 10) Compare baseline vs calibrated stake sheets ====\n


==== 11) Commit and push updated data files ====\n
























==== DONE ====\n
Completed in 00:01:20.5486361
**********************
Windows PowerShell transcript end
End time: 20251120115743
**********************
