**********************
Windows PowerShell transcript start
Start time: 20251203203842
Username: CLARKANDADDISON\mostg
RunAs User: CLARKANDADDISON\mostg
Configuration Name: 
Machine: CLARKANDADDISON (Microsoft Windows NT 10.0.26200.0)
Host Application: C:\Windows\System32\WindowsPowerShell\v1.0\powershell.exe -ExecutionPolicy Bypass -File .\scripts\daily_update.ps1 -Date 2025-12-03
Process ID: 49136
PSVersion: 5.1.26100.7019
PSEdition: Desktop
PSCompatibleVersions: 1.0, 2.0, 3.0, 4.0, 5.0, 5.1.26100.7019
BuildVersion: 10.0.26100.7019
CLRVersion: 4.0.30319.42000
WSManStackVersion: 3.0
PSRemotingProtocolVersion: 2.3
SerializationVersion: 1.1.0.1
**********************
[quantile-gating] day=Wednesday targetDay=Sunday ageDays=0.01 runHeavy=False

==== 0) ESPN schedule refresh + TBD patch + parity ====\n
[schedule_refresh] Using date: 2025-12-03





[schedule_refresh] Parity OK: True Placeholders:  Missing:  LocalExtra:
[schedule_refresh] Done.

==== 1) Fetch previous day's games (2025-12-02) ====\n


==== 2) Fetch odds snapshots for 2025-12-02 and build last/closing lines ====\n








==== 3) Build daily results (reconcile vs finals) for 2025-12-02 ====\n


==== 3a) Fetch previous day raw scores (no cache) and boxscores ====\n



==== 3b) Finalize previous day (refresh + fallback + overrides) ====\n


==== 4) Update model tuning from recent daily results ====\n


==== 5) Retrain baseline models on latest features_all.csv ====\n

[skip] Heavy quantile CV + base quantile retrain (weekly gating)

==== 5b) Generate/refresh team-level historical features (pre-inference) ====\n

features_curr.csv contains rows for 2025-12-03; skipping generation.
Removing stale artifact -> C:\Users\mostg\OneDrive\Coding\NCAAB\outputs\predictions_model_interval_2025-12-03.csv
Removing stale artifact -> C:\Users\mostg\OneDrive\Coding\NCAAB\outputs\predictions_model_calibrated_2025-12-03.csv
Removing stale artifact -> C:\Users\mostg\OneDrive\Coding\NCAAB\outputs\predictions_model_2025-12-03.csv

==== 5d) Run model inference harness (forced refresh) ====\n


==== 5e) Calibrate model predictions (forced refresh) ====\n


==== 5f) Generate prediction intervals (forced refresh) ====\n



==== 6i) Rolling backtest (28 days) ====\n


==== 6i.a) Normalize odds and enrich backtest (rest/travel/market) ====\n


[skip] Segment LGBM quantile retrain (weekly gating)

==== 6j) Quantile selection (28d window, 80% coverage) ====\n

Inference variance summary -> C:\Users\mostg\OneDrive\Coding\NCAAB\outputs\variance\inference_variance_2025-12-03.json

==== 6) Fetch today's schedule, odds, and run predictions/picks ====\n


==== 6a.pre) Ensure full game & prediction coverage (force-fill) ====\n



==== 6a.post) Normalize start fields and persist _start_dt ====\n
{'date': '2025-12-03', 'out': 'outputs/predictions_unified_enriched_2025-12-03.csv', 'normalized_rows': 78, 'nan__start_dt': 31}
[espn-fix] Attempting to fill missing _start_dt from ESPN games CSV... (31 NaNs)






==== 6b) Refresh team-level historical features post-ingestion ====\n


==== 6b.i) Run model integrity tests ====\n


==== 6c) Train/refresh model-first total & margin predictors (LightGBM/XGBoost) ====\n



==== 6d) Prediction variance diagnostics ====\n
Wrote variance diagnostics -> C:\Users\mostg\OneDrive\Coding\NCAAB\outputs\variance\variance_total_2025-12-03.json, C:\Users\mostg\OneDrive\Coding\NCAAB\outputs\variance\variance_margin_2025-12-03.json

==== 6e) Train meta probability models (cover/over) ====\n



==== 6f) Probability distribution stability (JS divergence) ====\n


==== 6g) Auto-refresh probability calibration (ECE/drift/age) ====\n


==== 6g.i) Meta probability reliability + calibration ====\n



==== 6h) Explain meta models (feature contributions) ====\n


==== 6a.validate) Coverage summary (predictions/odds/closing) ====\n
{'date': '2025-12-03', 'rows': 78, 'missing_predictions': 31, 'missing_odds': 31, 'missing_closing': 68, 'missing_predictions_keys': ['401819837', '401819876', '401806375', '401806373', '401827195', '401826999', '401826921', '401825592', '401824864', '401824855', '401822726', '401822325', '401813259', '401811109', '401808898', '401828292', '401826955', '401826809', '401825580', '401825397', '401823568', '401823504', '401820556', '401806379', '401806377', '401824059', '401824128', '401824028', '401823766', '401823438', '401825396'], 'missing_odds_keys': ['401819837', '401819876', '401806375', '401806373', '401827195', '401826999', '401826921', '401825592', '401824864', '401824855', '401822726', '401822325', '401813259', '401811109', '401808898', '401828292', '401826955', '401826809', '401825580', '401825397', '401823568', '401823504', '401820556', '401806379', '401806377', '401824059', '401824128', '401824028', '401823766', '401823438', '401825396'], 'missing_closing_keys': ['401809080', '401827515', '401826736', '401823016', '401823219', '401817201', '401824360', '401818304', '401824938', '401812649', '401817504', '401827063', '401818534', '401819919', '401827500', '401827267', '401820156', '401817501', '401824871', '401823232', '401823495', '401826901', '401820190', '401826978', '401812667', '401828737', '401828514', '401826994', '401820628', '401830126', '401813403', '401817502', '401812382', '401826943', '401829054', '401808966', '401817503', '401819837', '401819876', '401806375', '401806373', '401827195', '401826999', '401826921', '401825592', '401824864', '401824855', '401822726', '401822325', '401813259', '401811109', '401808898', '401828292', '401826955', '401826809', '401825580', '401825397', '401823568', '401823504', '401820556', '401806379', '401806377', '401824059', '401824128', '401824028', '401823766', '401823438', '401825396']}

==== 6a) Restore full games_with_last.csv (historical) after daily-run ====\n


==== 7) Filter merged last odds to today's slate ====\n


==== 7b) Align predictions to period and compute edges ====\n


==== 8) Generate baseline stake sheet (edge-based Kelly) ====\n


==== 9) Generate calibrated distributional stake sheet (if distributional columns present) ====\n


==== 9a) Annotate stake sheets with quantiles (q10/q50/q90) ====\n


==== 10) Compare baseline vs calibrated stake sheets ====\n


==== 11) Commit and push updated data files ====\n

==== 10a) Fix display CSV from ESPN Central (slate override) ====\n


==== 10b) ROI backtest (28 days) ====\n













































==== DONE ====\n
Completed in 00:04:58.4644568
Wrote status summary -> C:\Users\mostg\OneDrive\Coding\NCAAB\outputs\logs\daily_update_status_2025-12-03.json
**********************
Windows PowerShell transcript end
End time: 20251203204341
**********************
