**********************
Windows PowerShell transcript start
Start time: 20251204090442
Username: CLARKANDADDISON\mostg
RunAs User: CLARKANDADDISON\mostg
Configuration Name: 
Machine: CLARKANDADDISON (Microsoft Windows NT 10.0.26200.0)
Host Application: C:\Windows\System32\WindowsPowerShell\v1.0\powershell.exe -ExecutionPolicy Bypass -File .\scripts\daily_update.ps1 -Date 2025-12-03 -SkipRetrain -SkipModelTests -SkipVarianceDiag
Process ID: 18096
PSVersion: 5.1.26100.7019
PSEdition: Desktop
PSCompatibleVersions: 1.0, 2.0, 3.0, 4.0, 5.0, 5.1.26100.7019
BuildVersion: 10.0.26100.7019
CLRVersion: 4.0.30319.42000
WSManStackVersion: 3.0
PSRemotingProtocolVersion: 2.3
SerializationVersion: 1.1.0.1
**********************
[quantile-gating] day=Thursday targetDay=Sunday ageDays=0.49 runHeavy=False

==== 0) ESPN schedule refresh + TBD patch + parity ====\n
[schedule_refresh] Using date: 2025-12-04





[schedule_refresh] Parity OK:  Placeholders:  Missing:  LocalExtra:
[schedule_refresh] Done.

==== 1) Fetch previous day's games (2025-12-03) ====\n


==== 2) Fetch odds snapshots for 2025-12-03 and build last/closing lines ====\n








==== 3) Build daily results (reconcile vs finals) for 2025-12-03 ====\n


==== 3a) Fetch previous day raw scores (no cache) and boxscores ====\n



==== 3b) Finalize previous day (refresh + fallback + overrides) ====\n


==== 4) Update model tuning from recent daily results ====\n

SkipRetrain flag set; using existing models.
[skip] Heavy quantile CV + base quantile retrain (weekly gating)

==== 5b) Generate/refresh team-level historical features (pre-inference) ====\n


==== 5c) Generate today's placeholder features (features_curr.csv) ====\n


==== 5d) Run model inference harness (forced refresh) ====\n


==== 5e) Calibrate model predictions (forced refresh) ====\n


==== 5f) Generate prediction intervals (forced refresh) ====\n



==== 6i) Rolling backtest (28 days) ====\n


==== 6i.a) Normalize odds and enrich backtest (rest/travel/market) ====\n


[skip] Segment LGBM quantile retrain (weekly gating)

==== 6j) Quantile selection (28d window, 80% coverage) ====\n

PS>TerminatingError(Get-Content): "The running command stopped because the preference variable "ErrorActionPreference" or common parameter is set to Stop: Cannot find path 'C:\Users\mostg\OneDrive\Coding\NCAAB\outputs\predictions_model_2025-12-04.csv' because it does not exist."
WARNING: inference variance summary failed: Cannot find path 'C:\Users\mostg\OneDrive\Coding\NCAAB\outputs\predictions_model_2025-12-04.csv' because it does not exist.

==== 6) Fetch today's schedule, odds, and run predictions/picks ====\n


==== 6a.pre.normalization) Normalize start times early (Central) ====\n


==== 6a.pre) Ensure full game & prediction coverage (force-fill) ====\n



==== 6a.post) Normalize start fields and persist _start_dt ====\n

==== 6a.mid) Promote model columns into enriched (midnight-UTC coverage) ====





==== 6b) Refresh team-level historical features post-ingestion ====\n

SkipModelTests flag set; skipping pytest integrity checks.
Model-first artifacts considered fresh post-ingestion; skipping retrain.
SkipVarianceDiag flag set; skipping prediction variance diagnostics.

==== 6d.i) Re-run model inference harness (contingency) ====\n


==== 6d.ii) Re-run calibration (contingency) ====\n


==== 6d.iii) Re-run interval generation (contingency) ====\n


==== 6e) Train meta probability models (cover/over) ====\n



==== 6f) Probability distribution stability (JS divergence) ====\n


==== 6g) Auto-refresh probability calibration (ECE/drift/age) ====\n


==== 6g.i) Meta probability reliability + calibration ====\n



==== 6h) Explain meta models (feature contributions) ====\n


==== 6a.validate) Coverage summary (predictions/odds/closing) ====\n


==== 6a) Restore full games_with_last.csv (historical) after daily-run ====\n


==== 7) Filter merged last odds to today's slate ====\n


==== 7b) Align predictions to period and compute edges ====\n


==== 8) Generate baseline stake sheet (edge-based Kelly) ====\n


==== 9) Generate calibrated distributional stake sheet (if distributional columns present) ====\n


==== 9a) Annotate stake sheets with quantiles (q10/q50/q90) ====\n


==== 10) Compare baseline vs calibrated stake sheets ====\n


==== 11) Commit and push updated data files ====\n

==== 10a) Fix display CSV from ESPN Central (slate override) ====\n


==== 10b) ROI backtest (28 days) ====\n








































==== DONE ====\n
Completed in 00:04:44.3829715
Wrote status summary -> C:\Users\mostg\OneDrive\Coding\NCAAB\outputs\logs\daily_update_status_2025-12-04.json
**********************
Windows PowerShell transcript end
End time: 20251204090926
**********************
