**********************
Windows PowerShell transcript start
Start time: 20251108115714
Username: CLARKANDADDISON\mostg
RunAs User: CLARKANDADDISON\mostg
Configuration Name: 
Machine: CLARKANDADDISON (Microsoft Windows NT 10.0.26200.0)
Host Application: C:\Windows\System32\WindowsPowerShell\v1.0\powershell.exe -NoProfile -ExecutionPolicy Bypass -File C:\Users\mostg\OneDrive\Coding\NCAAB\scripts\daily_update.ps1 -Today 2025-11-08
Process ID: 25252
PSVersion: 5.1.26100.6899
PSEdition: Desktop
PSCompatibleVersions: 1.0, 2.0, 3.0, 4.0, 5.0, 5.1.26100.6899
BuildVersion: 10.0.26100.6899
CLRVersion: 4.0.30319.42000
WSManStackVersion: 3.0
PSRemotingProtocolVersion: 2.3
SerializationVersion: 1.1.0.1
**********************

==== 1) Fetch previous day's games (2025-11-07) ====\n


==== 2) Fetch odds snapshots for 2025-11-07 and build last/closing lines ====\n






==== 3) Build daily results (reconcile vs finals) for 2025-11-07 ====\n


==== 4) Update model tuning from recent daily results ====\n


==== 5) Retrain baseline models on latest features_all.csv ====\n


==== 6) Fetch today's schedule, odds, and run predictions/picks ====\n


==== DONE ====\n
Completed in 00:00:15.1581832
**********************
Windows PowerShell transcript end
End time: 20251108115729
**********************
